[ 2026-02-04 18:31:59,156 ] 1025 httpx - INFO - HTTP Request: GET https://dagshub.com/api/v1/user "HTTP/1.1 200 OK"
[ 2026-02-04 18:31:59,250 ] 107 dagshub - INFO - Accessing as dkss-4
[ 2026-02-04 18:32:00,647 ] 1025 httpx - INFO - HTTP Request: GET https://dagshub.com/api/v1/repos/dkss-4/networksecurity "HTTP/1.1 200 OK"
[ 2026-02-04 18:32:02,335 ] 1025 httpx - INFO - HTTP Request: GET https://dagshub.com/api/v1/user "HTTP/1.1 200 OK"
[ 2026-02-04 18:32:02,335 ] 107 dagshub - INFO - Initialized MLflow to track repo "dkss-4/networksecurity"
[ 2026-02-04 18:32:02,335 ] 107 dagshub - INFO - Repository dkss-4/networksecurity initialized!
[ 2026-02-04 18:32:44,018 ] 37 root - INFO - Start the data ingestion.
[ 2026-02-04 18:32:51,231 ] 63 root - INFO - Performed train test split on the dataframe
[ 2026-02-04 18:32:51,231 ] 65 root - INFO - Exited split_data_as_train_test method of Data_Ingestion class
[ 2026-02-04 18:32:51,231 ] 73 root - INFO - Exporting train and test file path.
[ 2026-02-04 18:32:51,452 ] 82 root - INFO - Exported train and test file path.
[ 2026-02-04 18:32:51,452 ] 40 root - INFO - Data Ingestion competed and artifact:{data_ingestion_artifact}
[ 2026-02-04 18:32:51,514 ] 50 root - INFO - Initiate the data validation
[ 2026-02-04 18:32:51,827 ] 31 root - INFO - Required number of columns:2
[ 2026-02-04 18:32:51,827 ] 32 root - INFO - Dataframes has columns:31
[ 2026-02-04 18:32:51,827 ] 31 root - INFO - Required number of columns:2
[ 2026-02-04 18:32:51,827 ] 32 root - INFO - Dataframes has columns:31
[ 2026-02-04 18:32:52,420 ] 54 root - INFO - Entered initiate_data_transformation method of data transformation class.
[ 2026-02-04 18:32:52,420 ] 56 root - INFO - Starting Data Transformation .
[ 2026-02-04 18:32:52,592 ] 41 root - INFO - Entered get_data_transformer_object method of data transformation class.
[ 2026-02-04 18:32:52,592 ] 46 root - INFO - Initialise KNN Imputer with {'missing_values': nan, 'n_neighbors': 3, 'weights': 'uniform'}
[ 2026-02-04 18:32:52,639 ] 46 root - INFO - Entered the save_object method of MainUtils class
[ 2026-02-04 18:32:52,654 ] 50 root - INFO - Exited the save_object method of MainUtils class
[ 2026-02-04 18:44:36,927 ] 46 root - INFO - Entered the save_object method of MainUtils class
[ 2026-02-04 18:44:36,932 ] 50 root - INFO - Exited the save_object method of MainUtils class
[ 2026-02-04 18:44:36,932 ] 46 root - INFO - Entered the save_object method of MainUtils class
[ 2026-02-04 18:44:37,049 ] 50 root - INFO - Exited the save_object method of MainUtils class
[ 2026-02-04 18:44:37,052 ] 110 root - INFO - Model Trainer Artifact:ModelTrainerArtifact(trained_model_file_path='Artifacts\\02_04_2026_18_30_56\\model_trainer\\trained_model\\model.pkl', train_metric_artifact=ClassificationMetricArtifact(f1_score=0.9916970433373835, precision_score=0.9888933764135702, recall_score=0.9945166531275386), test_metric_artifact=ClassificationMetricArtifact(f1_score=0.9742143432715552, precision_score=0.9679743795036029, recall_score=0.9805352798053528))
