[ 2026-02-02 23:05:34,298 ] 1025 httpx - INFO - HTTP Request: GET https://dagshub.com/api/v1/user "HTTP/1.1 200 OK"
[ 2026-02-02 23:05:34,336 ] 107 dagshub - INFO - Accessing as dkss-4
[ 2026-02-02 23:05:39,487 ] 1025 httpx - INFO - HTTP Request: GET https://dagshub.com/api/v1/repos/dkss-4/networksecurity "HTTP/1.1 200 OK"
[ 2026-02-02 23:05:48,904 ] 1025 httpx - INFO - HTTP Request: GET https://dagshub.com/api/v1/user "HTTP/1.1 200 OK"
[ 2026-02-02 23:05:48,913 ] 107 dagshub - INFO - Initialized MLflow to track repo "dkss-4/networksecurity"
[ 2026-02-02 23:05:48,916 ] 107 dagshub - INFO - Repository dkss-4/networksecurity initialized!
[ 2026-02-02 23:05:48,917 ] 19 root - INFO - Initiate data ingestion
[ 2026-02-02 23:06:04,792 ] 63 root - INFO - Performed train test split on the dataframe
[ 2026-02-02 23:06:04,792 ] 65 root - INFO - Exited split_data_as_train_test method of Data_Ingestion class
[ 2026-02-02 23:06:04,814 ] 73 root - INFO - Exporting train and test file path.
[ 2026-02-02 23:06:05,039 ] 82 root - INFO - Exported train and test file path.
[ 2026-02-02 23:06:05,040 ] 21 root - INFO - Data Initiation Completed.
[ 2026-02-02 23:06:05,086 ] 26 root - INFO - Initiate the data validation
[ 2026-02-02 23:06:05,367 ] 31 root - INFO - Required number of columns:2
[ 2026-02-02 23:06:05,368 ] 32 root - INFO - Dataframes has columns:31
[ 2026-02-02 23:06:05,368 ] 31 root - INFO - Required number of columns:2
[ 2026-02-02 23:06:05,368 ] 32 root - INFO - Dataframes has columns:31
[ 2026-02-02 23:06:06,373 ] 28 root - INFO - Data validation completed.
[ 2026-02-02 23:06:06,374 ] 32 root - INFO - data_transformation has started.
[ 2026-02-02 23:06:06,374 ] 52 root - INFO - Entered initiate_data_transformation method of data transformation class.
[ 2026-02-02 23:06:06,374 ] 54 root - INFO - Starting Data Transformation .
[ 2026-02-02 23:06:06,722 ] 39 root - INFO - Entered get_data_transformer_object method of data transformation class.
[ 2026-02-02 23:06:06,723 ] 44 root - INFO - Initialise KNN Imputer with {'missing_values': nan, 'n_neighbors': 3, 'weights': 'uniform'}
[ 2026-02-02 23:06:06,883 ] 46 root - INFO - Entered the save_object method of MainUtils class
[ 2026-02-02 23:06:06,890 ] 50 root - INFO - Exited the save_object method of MainUtils class
[ 2026-02-02 23:06:06,891 ] 46 root - INFO - Entered the save_object method of MainUtils class
[ 2026-02-02 23:06:06,918 ] 50 root - INFO - Exited the save_object method of MainUtils class
[ 2026-02-02 23:06:06,928 ] 36 root - INFO - data_transformation is completed.
[ 2026-02-02 23:06:06,931 ] 39 root - INFO - Model Training started
[ 2026-02-02 23:18:14,562 ] 46 root - INFO - Entered the save_object method of MainUtils class
[ 2026-02-02 23:18:14,569 ] 50 root - INFO - Exited the save_object method of MainUtils class
[ 2026-02-02 23:18:14,569 ] 46 root - INFO - Entered the save_object method of MainUtils class
[ 2026-02-02 23:18:14,636 ] 50 root - INFO - Exited the save_object method of MainUtils class
[ 2026-02-02 23:18:14,638 ] 110 root - INFO - Model Trainer Artifact:ModelTrainerArtifact(trained_model_file_path='Artifacts\\02_02_2026_23_04_38\\model_trainer\\trained_model\\model.pkl', train_metric_artifact=ClassificationMetricArtifact(f1_score=0.9923294307630198, precision_score=0.9919289749798225, recall_score=0.9927302100161551), test_metric_artifact=ClassificationMetricArtifact(f1_score=0.9698969072164948, precision_score=0.9639344262295082, recall_score=0.9759336099585062))
